# package-id|recipe-path|original-path
Zen-Browser-Arch-znver5-optimized|packages/third-party/Zen-Browser-Arch-znver5-optimized|.3rdP/Zen-Browser-Arch-znver5-optimized
bettbox|packages/third-party/bettbox|.3rdP/bettbox
cmake-git|packages/core/cmake-git|.Core/cmake-git
doxygen-git|packages/core/doxygen-git|.Core/doxygen-git
gcc-snapshot|packages/core/gcc-snapshot|.Core/gcc-snapshot
glib2-git|packages/core/glib2-git|.Core/glib2-git
gtk4-git|packages/core/gtk4-git|.Core/gtk4-git
libadwaita-git|packages/core/libadwaita-git|.Core/libadwaita-git
llvm-git|packages/core/llvm-git|.Core/llvm-git
meson-git|packages/core/meson-git|.Core/meson-git
mold-git|packages/core/mold-git|.Core/mold-git
qt5-base-git|packages/core/qt5-base-git|.Core/qt5-base-git
qt5-declarative|packages/core/qt5-declarative|.Core/qt5-declarative
qt5-multimedia|packages/core/qt5-multimedia|.Core/qt5-multimedia
qt5-speech|packages/core/qt5-speech|.Core/qt5-speech
qt5-svg|packages/core/qt5-svg|.Core/qt5-svg
qt5-tools|packages/core/qt5-tools|.Core/qt5-tools
qt5-webchannel|packages/core/qt5-webchannel|.Core/qt5-webchannel
qt5-x11extras|packages/core/qt5-x11extras|.Core/qt5-x11extras
qt5ct|packages/core/qt5ct|.Core/qt5ct
qt6-base-git|packages/core/qt6-base-git|.Core/qt6-base-git
qt6-declarative|packages/core/qt6-declarative|.Core/qt6-declarative
qt6-graphs|packages/core/qt6-graphs|.Core/qt6-graphs
qt6-languageserver|packages/core/qt6-languageserver|.Core/qt6-languageserver
qt6-multimedia|packages/core/qt6-multimedia|.Core/qt6-multimedia
qt6-positioning|packages/core/qt6-positioning|.Core/qt6-positioning
qt6-quick3d|packages/core/qt6-quick3d|.Core/qt6-quick3d
qt6-serialport|packages/core/qt6-serialport|.Core/qt6-serialport
qt6-shadertools|packages/core/qt6-shadertools|.Core/qt6-shadertools
qt6-speech|packages/core/qt6-speech|.Core/qt6-speech
qt6-svg|packages/core/qt6-svg|.Core/qt6-svg
qt6-tools|packages/core/qt6-tools|.Core/qt6-tools
qt6-webchannel|packages/core/qt6-webchannel|.Core/qt6-webchannel
qt6ct|packages/core/qt6ct|.Core/qt6ct
rocm-core|packages/core/rocm-core|.Core/rocm-core
rocm-llvm|packages/core/rocm-llvm|.Core/rocm-llvm
rust-git|packages/core/rust-git|.Core/rust-git
spirv-llvm-translator-git|packages/core/spirv-llvm-translator-git|.Core/spirv-llvm-translator-git
linux-cachyos|packages/misc/linux-cachyos|.Misc/linux-cachyos
bash|packages/stable/bash|.Stable/bash
ccache|packages/stable/ccache|.Stable/ccache
dbus|packages/stable/dbus|.Stable/dbus
dbus-broker|packages/stable/dbus-broker|.Stable/dbus-broker
fish|packages/stable/fish|.Stable/fish
gc|packages/stable/gc|.Stable/gc
hip-runtime|packages/stable/hip-runtime|.Stable/hip-runtime
hsa-rocr|packages/stable/hsa-rocr|.Stable/hsa-rocr
imagemagick|packages/stable/imagemagick|.Stable/imagemagick
libisl-git|packages/stable/libisl-git|.Stable/libisl-git
libreoffice-fresh|packages/stable/libreoffice-fresh|.Stable/libreoffice-fresh
linux-api-headers|packages/stable/linux-api-headers|.Stable/linux-api-headers
mkinitcpio|packages/stable/mkinitcpio|mkinitcpio
linux-firmware|packages/stable/linux-firmware|.Stable/linux-firmware
linux-tools|packages/stable/linux-tools|.Stable/linux-tools
networkmanager|packages/stable/networkmanager|.Stable/networkmanager
networkmanager-openvpn|packages/stable/networkmanager-openvpn|.Stable/networkmanager-openvpn
openshadinglanguage|packages/stable/openshadinglanguage|.Stable/openshadinglanguage
openssh|packages/stable/openssh|.Stable/openssh
openssl|packages/stable/openssl|.Stable/openssl
openvpn|packages/stable/openvpn|.Stable/openvpn
pipewire|packages/stable/pipewire|.Stable/pipewire
systemd|packages/stable/systemd|.Stable/systemd
udisks2|packages/stable/udisks2|.Stable/udisks2
upower|packages/stable/upower|.Stable/upower
util-linux|packages/stable/util-linux|.Stable/util-linux
wireplumber|packages/stable/wireplumber|.Stable/wireplumber
zram-generator|packages/stable/zram-generator|.Stable/zram-generator
zsh|packages/stable/zsh|.Stable/zsh
autofdo-git|packages/git/autofdo-git|autofdo-git
babl-git|packages/git/babl-git|babl-git
blender-git|packages/git/blender-git|blender-git
bpftune-git|packages/git/bpftune-git|bpftune-git
cairo-git|packages/git/cairo-git|cairo-git
dbus-broker-git|packages/git/dbus-broker-git|dbus-broker-git
easyeffects-git|packages/git/easyeffects-git|easyeffects-git
fcitx5-chinese-addons-git|packages/git/fcitx5-chinese-addons-git|fcitx5-chinese-addons-git
fcitx5-git|packages/git/fcitx5-git|fcitx5-git
fcitx5-gtk-git|packages/git/fcitx5-gtk-git|fcitx5-gtk-git
fcitx5-lua-git|packages/git/fcitx5-lua-git|fcitx5-lua-git
fcitx5-qt-git|packages/git/fcitx5-qt-git|fcitx5-qt-git
flatpak-git|packages/git/flatpak-git|flatpak-git
gegl-git|packages/git/gegl-git|gegl-git
gimp-git|packages/git/gimp-git|gimp-git
git-git|packages/git/git-git|git-git
gtk3-git|packages/git/gtk3-git|gtk3-git
jemalloc-git|packages/git/jemalloc-git|jemalloc-git
kmod-git|packages/git/kmod-git|kmod-git
krita-git|packages/git/krita-git|krita-git
libclc-git|packages/git/libclc-git|libclc-git
libdex-git|packages/git/libdex-git|libdex-git
libdrm-git|packages/git/libdrm-git|libdrm-git
libime-git|packages/git/libime-git|libime-git
libinput-git|packages/git/libinput-git|libinput-git
libunwind-git|packages/git/libunwind-git|libunwind-git
liburing-git|packages/git/liburing-git|liburing-git
libva-git|packages/git/libva-git|libva-git
logseq-desktop-git|packages/git/logseq-desktop-git|logseq-desktop-git
lz4-git|packages/git/lz4-git|lz4-git
mesa-git|packages/git/mesa-git|mesa-git
mimalloc-git|packages/git/mimalloc-git|mimalloc-git
ninja-git|packages/git/ninja-git|ninja-git
niri-spicy-git|packages/git/niri-spicy-git|niri-spicy-git
noctalia-git|packages/git/noctalia-git|noctalia-git
pango-git|packages/git/pango-git|pango-git
pixman-git|packages/git/pixman-git|pixman-git
polkit-git|packages/git/polkit-git|polkit-git
pyside6-git|packages/git/pyside6-git|pyside6-git
rust-bindgen-git|packages/git/rust-bindgen-git|rust-bindgen-git
scx-scheds-git|packages/git/scx-scheds-git|scx-scheds-git
scx-tools-git|packages/git/scx-tools-git|scx-tools-git
seatd-git|packages/git/seatd-git|seatd-git
texlive-texmf|packages/git/texlive-texmf|texlive-texmf
vscodium-insiders-git|packages/git/vscodium-insiders-git|vscodium-insiders-git
vulkan-headers-git|packages/git/vulkan-headers-git|vulkan-headers-git
vulkan-icd-loader-git|packages/git/vulkan-icd-loader-git|vulkan-icd-loader-git
wayland-git|packages/git/wayland-git|wayland-git
xcb-imdkit-git|packages/git/xcb-imdkit-git|xcb-imdkit-git
xdg-desktop-portal-git|packages/git/xdg-desktop-portal-git|xdg-desktop-portal-git
xdg-desktop-portal-gnome-git|packages/git/xdg-desktop-portal-gnome-git|xdg-desktop-portal-gnome-git
xdg-desktop-portal-gtk-git|packages/git/xdg-desktop-portal-gtk-git|xdg-desktop-portal-gtk-git
xorg-xwayland-git|packages/git/xorg-xwayland-git|xorg-xwayland-git
xwayland-satellite-git|packages/git/xwayland-satellite-git|xwayland-satellite-git
xz-git|packages/git/xz-git|xz-git
zlib-ng-compat-git|packages/git/zlib-ng-compat-git|zlib-ng-compat-git
zlib-ng-git|packages/git/zlib-ng-git|zlib-ng-git
zstd-git|packages/git/zstd-git|zstd-git
